<testsuite errors="0" failures="0" name="Django Project Tests" skips="0" tests="33" time="16.675"><testcase classname="catalog.test.test_forms.RenewBookFormTest" name="test_renew_form_date_field_help_text" time="0.000000" /><testcase classname="catalog.test.test_forms.RenewBookFormTest" name="test_renew_form_date_field_label" time="0.000000" /><testcase classname="catalog.test.test_forms.RenewBookFormTest" name="test_renew_form_date_in_past" time="0.000000" /><testcase classname="catalog.test.test_forms.RenewBookFormTest" name="test_renew_form_date_max" time="0.000998" /><testcase classname="catalog.test.test_forms.RenewBookFormTest" name="test_renew_form_date_today" time="0.000000" /><testcase classname="catalog.test.test_forms.RenewBookFormTest" name="test_renew_form_date_too_far_in_future" time="0.000000" /><testcase classname="catalog.test.test_models.AuthorModelTest" name="test_date_of_death_label" time="0.001022" /><testcase classname="catalog.test.test_models.AuthorModelTest" name="test_first_name_label" time="0.000987" /><testcase classname="catalog.test.test_models.AuthorModelTest" name="test_first_name_max_length" time="0.000000" /><testcase classname="catalog.test.test_models.AuthorModelTest" name="test_get_absolute_url" time="0.008001" /><testcase classname="catalog.test.test_models.AuthorModelTest" name="test_object_name_is_last_name_comma_first_name" time="0.000000" /><testcase classname="catalog.test.test_views.AuthorCreateViewTest" name="test_redirect_if_logged_in_but_not_correct_permission" time="1.018003" /><testcase classname="catalog.test.test_views.AuthorCreateViewTest" name="test_redirect_if_not_logged_in" time="0.678034" /><testcase classname="catalog.test.test_views.AuthorCreateViewTest" name="test_redirects_to_all_borrowed_book_list_on_success" time="1.033305" /><testcase classname="catalog.test.test_views.AuthorListViewTest" name="test_lists_all_authors" time="0.055037" /><testcase classname="catalog.test.test_views.AuthorListViewTest" name="test_pagination_is_ten" time="0.064000" /><testcase classname="catalog.test.test_views.AuthorListViewTest" name="test_view_url_accessible_by_name" time="0.082973" /><testcase classname="catalog.test.test_views.AuthorListViewTest" name="test_view_url_exists_at_desired_location" time="0.051003" /><testcase classname="catalog.test.test_views.AuthorListViewTest" name="test_view_uses_correct_template" time="0.055003" /><testcase classname="catalog.test.test_views.LoanedBookInstancesByUserListViewTest" name="test_logged_in_uses_correct_template" time="1.029001" /><testcase classname="catalog.test.test_views.LoanedBookInstancesByUserListViewTest" name="test_only_borrowed_books_in_list" time="1.047036" /><testcase classname="catalog.test.test_views.LoanedBookInstancesByUserListViewTest" name="test_pages_ordered_by_due_date" time="1.056962" /><testcase classname="catalog.test.test_views.LoanedBookInstancesByUserListViewTest" name="test_redirect_if_not_logged_in" time="0.687515" /><testcase classname="catalog.test.test_views.RenewBookInstancesViewTest" name="test_HTTP404_for_invalid_book_if_logged_in" time="0.997654" /><testcase classname="catalog.test.test_views.RenewBookInstancesViewTest" name="test_form_invalid_renewal_date_future" time="0.995068" /><testcase classname="catalog.test.test_views.RenewBookInstancesViewTest" name="test_form_invalid_renewal_date_past" time="1.020004" /><testcase classname="catalog.test.test_views.RenewBookInstancesViewTest" name="test_form_renewal_date_initially_has_date_three_weeks_in_future" time="0.976001" /><testcase classname="catalog.test.test_views.RenewBookInstancesViewTest" name="test_logged_in_with_permission_another_users_borrowed_book" time="0.991998" /><testcase classname="catalog.test.test_views.RenewBookInstancesViewTest" name="test_logged_in_with_permission_borrowed_book" time="1.019000" /><testcase classname="catalog.test.test_views.RenewBookInstancesViewTest" name="test_redirect_if_logged_in_but_not_correct_permission" time="1.046000" /><testcase classname="catalog.test.test_views.RenewBookInstancesViewTest" name="test_redirect_if_not_logged_in" time="0.688004" /><testcase classname="catalog.test.test_views.RenewBookInstancesViewTest" name="test_redirects_to_all_borrowed_book_list_on_success" time="1.004000" /><testcase classname="catalog.test.test_views.RenewBookInstancesViewTest" name="test_uses_correct_template" time="1.033993" /></testsuite>